.NET Framework i├ğin MSBuild s├╝r├╝m 18.0.5+e22287bf1

  VulkanMemoryAllocator.vcxproj -> C:\Users\tpoyr\OneDrive\Desktop\inkbytefo_projects\AstralRenderer\build\lib\Release\VulkanMemoryAllocator.lib
  fastgltf.vcxproj -> C:\Users\tpoyr\OneDrive\Desktop\inkbytefo_projects\AstralRenderer\build\lib\Release\fastgltf.lib
  glfw.vcxproj -> C:\Users\tpoyr\OneDrive\Desktop\inkbytefo_projects\AstralRenderer\build\lib\Release\glfw3.lib
  glm.vcxproj -> C:\Users\tpoyr\OneDrive\Desktop\inkbytefo_projects\AstralRenderer\build\lib\Release\glm.lib
  spdlog.vcxproj -> C:\Users\tpoyr\OneDrive\Desktop\inkbytefo_projects\AstralRenderer\build\lib\Release\spdlog.lib
  gltf_loader.cpp
  ui_manager.cpp
  renderer_system.cpp
C:\Users\tpoyr\OneDrive\Desktop\inkbytefo_projects\AstralRenderer\build\_deps\fastgltf-src\include\fastgltf\types.hpp(337,39): warning C4244: '+=': 'int' - 'uint8_t' d├Ân├╝┼ş├╝m├╝; veri kayb─▒ olabilir [C:\Users\tpoyr\OneDrive\Desktop\inkbytefo_projects\AstralRenderer\build\astral_renderer.vcxproj]
  (compiling source file '../src/renderer/gltf_loader.cpp')
  
C:\Users\tpoyr\OneDrive\Desktop\inkbytefo_projects\AstralRenderer\src\renderer\ui_manager.cpp(59,15): error C2039: 'MSAASamples': bir 'ImGui_ImplVulkan_InitInfo' ├╝yesi de─şil [C:\Users\tpoyr\OneDrive\Desktop\inkbytefo_projects\AstralRenderer\build\astral_renderer.vcxproj]
  (compiling source file '../src/renderer/ui_manager.cpp')
      C:\Users\tpoyr\OneDrive\Desktop\inkbytefo_projects\AstralRenderer\build\_deps\imgui-src\backends\imgui_impl_vulkan.h(103,8):
      'ImGui_ImplVulkan_InitInfo' bildirimine bak─▒n
  
C:\Users\tpoyr\OneDrive\Desktop\inkbytefo_projects\AstralRenderer\src\renderer\ui_manager.cpp(66,15): error C2039: 'PipelineRenderingCreateInfo': bir 'ImGui_ImplVulkan_InitInfo' ├╝yesi de─şil [C:\Users\tpoyr\OneDrive\Desktop\inkbytefo_projects\AstralRenderer\build\astral_renderer.vcxproj]
  (compiling source file '../src/renderer/ui_manager.cpp')
      C:\Users\tpoyr\OneDrive\Desktop\inkbytefo_projects\AstralRenderer\build\_deps\imgui-src\backends\imgui_impl_vulkan.h(103,8):
      'ImGui_ImplVulkan_InitInfo' bildirimine bak─▒n
  
C:\Users\tpoyr\OneDrive\Desktop\inkbytefo_projects\AstralRenderer\src\renderer\ui_manager.cpp(100,9): error C3861: 'ImGui_ImplVulkan_CreateFontsTexture': tan─▒mlay─▒c─▒ bulunamad─▒ [C:\Users\tpoyr\OneDrive\Desktop\inkbytefo_projects\AstralRenderer\build\astral_renderer.vcxproj]
  (compiling source file '../src/renderer/ui_manager.cpp')
  
C:\Users\tpoyr\OneDrive\Desktop\inkbytefo_projects\AstralRenderer\src\renderer\renderer_system.cpp(15,45): error C2027: tan─▒ms─▒z 'astral::Swapchain' t├╝r├╝ kullan─▒ld─▒ [C:\Users\tpoyr\OneDrive\Desktop\inkbytefo_projects\AstralRenderer\build\astral_renderer.vcxproj]
  (compiling source file '../src/renderer/renderer_system.cpp')
      C:\Users\tpoyr\OneDrive\Desktop\inkbytefo_projects\AstralRenderer\include\astral\renderer\renderer_system.hpp(18,7):
      'astral::Swapchain' bildirimine bak─▒n
  
C:\Users\tpoyr\OneDrive\Desktop\inkbytefo_projects\AstralRenderer\src\renderer\renderer_system.cpp(77,54): error C2027: tan─▒ms─▒z 'astral::DescriptorManager' t├╝r├╝ kullan─▒ld─▒ [C:\Users\tpoyr\OneDrive\Desktop\inkbytefo_projects\AstralRenderer\build\astral_renderer.vcxproj]
  (compiling source file '../src/renderer/renderer_system.cpp')
      C:\Users\tpoyr\OneDrive\Desktop\inkbytefo_projects\AstralRenderer\include\astral\core\context.hpp(12,7):
      'astral::DescriptorManager' bildirimine bak─▒n
  
C:\Users\tpoyr\OneDrive\Desktop\inkbytefo_projects\AstralRenderer\src\renderer\renderer_system.cpp(79,55): error C2027: tan─▒ms─▒z 'astral::DescriptorManager' t├╝r├╝ kullan─▒ld─▒ [C:\Users\tpoyr\OneDrive\Desktop\inkbytefo_projects\AstralRenderer\build\astral_renderer.vcxproj]
  (compiling source file '../src/renderer/renderer_system.cpp')
      C:\Users\tpoyr\OneDrive\Desktop\inkbytefo_projects\AstralRenderer\include\astral\core\context.hpp(12,7):
      'astral::DescriptorManager' bildirimine bak─▒n
  
C:\Users\tpoyr\OneDrive\Desktop\inkbytefo_projects\AstralRenderer\src\renderer\renderer_system.cpp(81,55): error C2027: tan─▒ms─▒z 'astral::DescriptorManager' t├╝r├╝ kullan─▒ld─▒ [C:\Users\tpoyr\OneDrive\Desktop\inkbytefo_projects\AstralRenderer\build\astral_renderer.vcxproj]
  (compiling source file '../src/renderer/renderer_system.cpp')
      C:\Users\tpoyr\OneDrive\Desktop\inkbytefo_projects\AstralRenderer\include\astral\core\context.hpp(12,7):
      'astral::DescriptorManager' bildirimine bak─▒n
  
C:\Users\tpoyr\OneDrive\Desktop\inkbytefo_projects\AstralRenderer\src\renderer\renderer_system.cpp(86,57): error C2027: tan─▒ms─▒z 'astral::DescriptorManager' t├╝r├╝ kullan─▒ld─▒ [C:\Users\tpoyr\OneDrive\Desktop\inkbytefo_projects\AstralRenderer\build\astral_renderer.vcxproj]
  (compiling source file '../src/renderer/renderer_system.cpp')
      C:\Users\tpoyr\OneDrive\Desktop\inkbytefo_projects\AstralRenderer\include\astral\core\context.hpp(12,7):
      'astral::DescriptorManager' bildirimine bak─▒n
  
C:\Users\tpoyr\OneDrive\Desktop\inkbytefo_projects\AstralRenderer\src\renderer\renderer_system.cpp(97,56): error C2027: tan─▒ms─▒z 'astral::DescriptorManager' t├╝r├╝ kullan─▒ld─▒ [C:\Users\tpoyr\OneDrive\Desktop\inkbytefo_projects\AstralRenderer\build\astral_renderer.vcxproj]
  (compiling source file '../src/renderer/renderer_system.cpp')
      C:\Users\tpoyr\OneDrive\Desktop\inkbytefo_projects\AstralRenderer\include\astral\core\context.hpp(12,7):
      'astral::DescriptorManager' bildirimine bak─▒n
  
C:\Users\tpoyr\OneDrive\Desktop\inkbytefo_projects\AstralRenderer\src\renderer\renderer_system.cpp(108,59): error C2027: tan─▒ms─▒z 'astral::DescriptorManager' t├╝r├╝ kullan─▒ld─▒ [C:\Users\tpoyr\OneDrive\Desktop\inkbytefo_projects\AstralRenderer\build\astral_renderer.vcxproj]
  (compiling source file '../src/renderer/renderer_system.cpp')
      C:\Users\tpoyr\OneDrive\Desktop\inkbytefo_projects\AstralRenderer\include\astral\core\context.hpp(12,7):
      'astral::DescriptorManager' bildirimine bak─▒n
  
C:\Users\tpoyr\OneDrive\Desktop\inkbytefo_projects\AstralRenderer\src\renderer\renderer_system.cpp(114,54): error C2027: tan─▒ms─▒z 'astral::DescriptorManager' t├╝r├╝ kullan─▒ld─▒ [C:\Users\tpoyr\OneDrive\Desktop\inkbytefo_projects\AstralRenderer\build\astral_renderer.vcxproj]
  (compiling source file '../src/renderer/renderer_system.cpp')
      C:\Users\tpoyr\OneDrive\Desktop\inkbytefo_projects\AstralRenderer\include\astral\core\context.hpp(12,7):
      'astral::DescriptorManager' bildirimine bak─▒n
  
C:\Users\tpoyr\OneDrive\Desktop\inkbytefo_projects\AstralRenderer\src\renderer\renderer_system.cpp(136,60): error C2027: tan─▒ms─▒z 'astral::DescriptorManager' t├╝r├╝ kullan─▒ld─▒ [C:\Users\tpoyr\OneDrive\Desktop\inkbytefo_projects\AstralRenderer\build\astral_renderer.vcxproj]
  (compiling source file '../src/renderer/renderer_system.cpp')
      C:\Users\tpoyr\OneDrive\Desktop\inkbytefo_projects\AstralRenderer\include\astral\core\context.hpp(12,7):
      'astral::DescriptorManager' bildirimine bak─▒n
  
C:\Users\tpoyr\OneDrive\Desktop\inkbytefo_projects\AstralRenderer\src\renderer\renderer_system.cpp(164,56): error C2027: tan─▒ms─▒z 'astral::DescriptorManager' t├╝r├╝ kullan─▒ld─▒ [C:\Users\tpoyr\OneDrive\Desktop\inkbytefo_projects\AstralRenderer\build\astral_renderer.vcxproj]
  (compiling source file '../src/renderer/renderer_system.cpp')
      C:\Users\tpoyr\OneDrive\Desktop\inkbytefo_projects\AstralRenderer\include\astral\core\context.hpp(12,7):
      'astral::DescriptorManager' bildirimine bak─▒n
  
C:\Users\tpoyr\OneDrive\Desktop\inkbytefo_projects\AstralRenderer\src\renderer\renderer_system.cpp(171,55): error C2027: tan─▒ms─▒z 'astral::DescriptorManager' t├╝r├╝ kullan─▒ld─▒ [C:\Users\tpoyr\OneDrive\Desktop\inkbytefo_projects\AstralRenderer\build\astral_renderer.vcxproj]
  (compiling source file '../src/renderer/renderer_system.cpp')
      C:\Users\tpoyr\OneDrive\Desktop\inkbytefo_projects\AstralRenderer\include\astral\core\context.hpp(12,7):
      'astral::DescriptorManager' bildirimine bak─▒n
  
C:\Users\tpoyr\OneDrive\Desktop\inkbytefo_projects\AstralRenderer\src\renderer\renderer_system.cpp(173,59): error C2027: tan─▒ms─▒z 'astral::DescriptorManager' t├╝r├╝ kullan─▒ld─▒ [C:\Users\tpoyr\OneDrive\Desktop\inkbytefo_projects\AstralRenderer\build\astral_renderer.vcxproj]
  (compiling source file '../src/renderer/renderer_system.cpp')
      C:\Users\tpoyr\OneDrive\Desktop\inkbytefo_projects\AstralRenderer\include\astral\core\context.hpp(12,7):
      'astral::DescriptorManager' bildirimine bak─▒n
  
C:\Users\tpoyr\OneDrive\Desktop\inkbytefo_projects\AstralRenderer\src\renderer\renderer_system.cpp(181,56): error C2027: tan─▒ms─▒z 'astral::DescriptorManager' t├╝r├╝ kullan─▒ld─▒ [C:\Users\tpoyr\OneDrive\Desktop\inkbytefo_projects\AstralRenderer\build\astral_renderer.vcxproj]
  (compiling source file '../src/renderer/renderer_system.cpp')
      C:\Users\tpoyr\OneDrive\Desktop\inkbytefo_projects\AstralRenderer\include\astral\core\context.hpp(12,7):
      'astral::DescriptorManager' bildirimine bak─▒n
  
C:\Users\tpoyr\OneDrive\Desktop\inkbytefo_projects\AstralRenderer\src\renderer\renderer_system.cpp(183,60): error C2027: tan─▒ms─▒z 'astral::DescriptorManager' t├╝r├╝ kullan─▒ld─▒ [C:\Users\tpoyr\OneDrive\Desktop\inkbytefo_projects\AstralRenderer\build\astral_renderer.vcxproj]
  (compiling source file '../src/renderer/renderer_system.cpp')
      C:\Users\tpoyr\OneDrive\Desktop\inkbytefo_projects\AstralRenderer\include\astral\core\context.hpp(12,7):
      'astral::DescriptorManager' bildirimine bak─▒n
  
C:\Users\tpoyr\OneDrive\Desktop\inkbytefo_projects\AstralRenderer\src\renderer\renderer_system.cpp(209,53): error C2027: tan─▒ms─▒z 'astral::DescriptorManager' t├╝r├╝ kullan─▒ld─▒ [C:\Users\tpoyr\OneDrive\Desktop\inkbytefo_projects\AstralRenderer\build\astral_renderer.vcxproj]
  (compiling source file '../src/renderer/renderer_system.cpp')
      C:\Users\tpoyr\OneDrive\Desktop\inkbytefo_projects\AstralRenderer\include\astral\core\context.hpp(12,7):
      'astral::DescriptorManager' bildirimine bak─▒n
  
C:\Users\tpoyr\OneDrive\Desktop\inkbytefo_projects\AstralRenderer\src\renderer\renderer_system.cpp(239,57): error C2027: tan─▒ms─▒z 'astral::DescriptorManager' t├╝r├╝ kullan─▒ld─▒ [C:\Users\tpoyr\OneDrive\Desktop\inkbytefo_projects\AstralRenderer\build\astral_renderer.vcxproj]
  (compiling source file '../src/renderer/renderer_system.cpp')
      C:\Users\tpoyr\OneDrive\Desktop\inkbytefo_projects\AstralRenderer\include\astral\core\context.hpp(12,7):
      'astral::DescriptorManager' bildirimine bak─▒n
  
C:\Users\tpoyr\OneDrive\Desktop\inkbytefo_projects\AstralRenderer\src\renderer\renderer_system.cpp(256,40): error C2027: tan─▒ms─▒z 'astral::DescriptorManager' t├╝r├╝ kullan─▒ld─▒ [C:\Users\tpoyr\OneDrive\Desktop\inkbytefo_projects\AstralRenderer\build\astral_renderer.vcxproj]
  (compiling source file '../src/renderer/renderer_system.cpp')
      C:\Users\tpoyr\OneDrive\Desktop\inkbytefo_projects\AstralRenderer\include\astral\core\context.hpp(12,7):
      'astral::DescriptorManager' bildirimine bak─▒n
  
C:\Users\tpoyr\OneDrive\Desktop\inkbytefo_projects\AstralRenderer\src\renderer\renderer_system.cpp(260,40): error C2027: tan─▒ms─▒z 'astral::DescriptorManager' t├╝r├╝ kullan─▒ld─▒ [C:\Users\tpoyr\OneDrive\Desktop\inkbytefo_projects\AstralRenderer\build\astral_renderer.vcxproj]
  (compiling source file '../src/renderer/renderer_system.cpp')
      C:\Users\tpoyr\OneDrive\Desktop\inkbytefo_projects\AstralRenderer\include\astral\core\context.hpp(12,7):
      'astral::DescriptorManager' bildirimine bak─▒n
  
C:\Users\tpoyr\OneDrive\Desktop\inkbytefo_projects\AstralRenderer\src\renderer\renderer_system.cpp(264,40): error C2027: tan─▒ms─▒z 'astral::DescriptorManager' t├╝r├╝ kullan─▒ld─▒ [C:\Users\tpoyr\OneDrive\Desktop\inkbytefo_projects\AstralRenderer\build\astral_renderer.vcxproj]
  (compiling source file '../src/renderer/renderer_system.cpp')
      C:\Users\tpoyr\OneDrive\Desktop\inkbytefo_projects\AstralRenderer\include\astral\core\context.hpp(12,7):
      'astral::DescriptorManager' bildirimine bak─▒n
  
C:\Users\tpoyr\OneDrive\Desktop\inkbytefo_projects\AstralRenderer\src\renderer\renderer_system.cpp(599,20): error C2027: tan─▒ms─▒z 'astral::Swapchain' t├╝r├╝ kullan─▒ld─▒ [C:\Users\tpoyr\OneDrive\Desktop\inkbytefo_projects\AstralRenderer\build\astral_renderer.vcxproj]
  (compiling source file '../src/renderer/renderer_system.cpp')
      C:\Users\tpoyr\OneDrive\Desktop\inkbytefo_projects\AstralRenderer\include\astral\renderer\renderer_system.hpp(18,7):
      'astral::Swapchain' bildirimine bak─▒n
  
C:\Users\tpoyr\OneDrive\Desktop\inkbytefo_projects\AstralRenderer\src\renderer\renderer_system.cpp(600,23): error C2027: tan─▒ms─▒z 'astral::Swapchain' t├╝r├╝ kullan─▒ld─▒ [C:\Users\tpoyr\OneDrive\Desktop\inkbytefo_projects\AstralRenderer\build\astral_renderer.vcxproj]
  (compiling source file '../src/renderer/renderer_system.cpp')
      C:\Users\tpoyr\OneDrive\Desktop\inkbytefo_projects\AstralRenderer\include\astral\renderer\renderer_system.hpp(18,7):
      'astral::Swapchain' bildirimine bak─▒n
  
C:\Users\tpoyr\OneDrive\Desktop\inkbytefo_projects\AstralRenderer\src\renderer\renderer_system.cpp(601,26): error C2027: tan─▒ms─▒z 'astral::Swapchain' t├╝r├╝ kullan─▒ld─▒ [C:\Users\tpoyr\OneDrive\Desktop\inkbytefo_projects\AstralRenderer\build\astral_renderer.vcxproj]
  (compiling source file '../src/renderer/renderer_system.cpp')
      C:\Users\tpoyr\OneDrive\Desktop\inkbytefo_projects\AstralRenderer\include\astral\renderer\renderer_system.hpp(18,7):
      'astral::Swapchain' bildirimine bak─▒n
  
C:\Users\tpoyr\OneDrive\Desktop\inkbytefo_projects\AstralRenderer\src\renderer\renderer_system.cpp(602,25): error C2027: tan─▒ms─▒z 'astral::Swapchain' t├╝r├╝ kullan─▒ld─▒ [C:\Users\tpoyr\OneDrive\Desktop\inkbytefo_projects\AstralRenderer\build\astral_renderer.vcxproj]
  (compiling source file '../src/renderer/renderer_system.cpp')
      C:\Users\tpoyr\OneDrive\Desktop\inkbytefo_projects\AstralRenderer\include\astral\renderer\renderer_system.hpp(18,7):
      'astral::Swapchain' bildirimine bak─▒n
  
C:\Users\tpoyr\OneDrive\Desktop\inkbytefo_projects\AstralRenderer\src\renderer\renderer_system.cpp(650,40): error C2027: tan─▒ms─▒z 'astral::DescriptorManager' t├╝r├╝ kullan─▒ld─▒ [C:\Users\tpoyr\OneDrive\Desktop\inkbytefo_projects\AstralRenderer\build\astral_renderer.vcxproj]
  (compiling source file '../src/renderer/renderer_system.cpp')
      C:\Users\tpoyr\OneDrive\Desktop\inkbytefo_projects\AstralRenderer\include\astral\core\context.hpp(12,7):
      'astral::DescriptorManager' bildirimine bak─▒n
  
C:\Users\tpoyr\OneDrive\Desktop\inkbytefo_projects\AstralRenderer\src\renderer\renderer_system.cpp(704,44): error C2027: tan─▒ms─▒z 'astral::DescriptorManager' t├╝r├╝ kullan─▒ld─▒ [C:\Users\tpoyr\OneDrive\Desktop\inkbytefo_projects\AstralRenderer\build\astral_renderer.vcxproj]
  (compiling source file '../src/renderer/renderer_system.cpp')
      C:\Users\tpoyr\OneDrive\Desktop\inkbytefo_projects\AstralRenderer\include\astral\core\context.hpp(12,7):
      'astral::DescriptorManager' bildirimine bak─▒n
  
C:\Users\tpoyr\OneDrive\Desktop\inkbytefo_projects\AstralRenderer\src\renderer\renderer_system.cpp(750,40): error C2027: tan─▒ms─▒z 'astral::DescriptorManager' t├╝r├╝ kullan─▒ld─▒ [C:\Users\tpoyr\OneDrive\Desktop\inkbytefo_projects\AstralRenderer\build\astral_renderer.vcxproj]
  (compiling source file '../src/renderer/renderer_system.cpp')
      C:\Users\tpoyr\OneDrive\Desktop\inkbytefo_projects\AstralRenderer\include\astral\core\context.hpp(12,7):
      'astral::DescriptorManager' bildirimine bak─▒n
  
C:\Users\tpoyr\OneDrive\Desktop\inkbytefo_projects\AstralRenderer\src\renderer\renderer_system.cpp(793,56): error C2027: tan─▒ms─▒z 'astral::DescriptorManager' t├╝r├╝ kullan─▒ld─▒ [C:\Users\tpoyr\OneDrive\Desktop\inkbytefo_projects\AstralRenderer\build\astral_renderer.vcxproj]
  (compiling source file '../src/renderer/renderer_system.cpp')
      C:\Users\tpoyr\OneDrive\Desktop\inkbytefo_projects\AstralRenderer\include\astral\core\context.hpp(12,7):
      'astral::DescriptorManager' bildirimine bak─▒n
  
C:\Users\tpoyr\OneDrive\Desktop\inkbytefo_projects\AstralRenderer\src\renderer\renderer_system.cpp(871,29): error C2027: tan─▒ms─▒z 'astral::Swapchain' t├╝r├╝ kullan─▒ld─▒ [C:\Users\tpoyr\OneDrive\Desktop\inkbytefo_projects\AstralRenderer\build\astral_renderer.vcxproj]
  (compiling source file '../src/renderer/renderer_system.cpp')
      C:\Users\tpoyr\OneDrive\Desktop\inkbytefo_projects\AstralRenderer\include\astral\renderer\renderer_system.hpp(18,7):
      'astral::Swapchain' bildirimine bak─▒n
  
C:\Users\tpoyr\OneDrive\Desktop\inkbytefo_projects\AstralRenderer\src\renderer\renderer_system.cpp(872,29): error C2027: tan─▒ms─▒z 'astral::Swapchain' t├╝r├╝ kullan─▒ld─▒ [C:\Users\tpoyr\OneDrive\Desktop\inkbytefo_projects\AstralRenderer\build\astral_renderer.vcxproj]
  (compiling source file '../src/renderer/renderer_system.cpp')
      C:\Users\tpoyr\OneDrive\Desktop\inkbytefo_projects\AstralRenderer\include\astral\renderer\renderer_system.hpp(18,7):
      'astral::Swapchain' bildirimine bak─▒n
  
C:\Users\tpoyr\OneDrive\Desktop\inkbytefo_projects\AstralRenderer\src\renderer\renderer_system.cpp(873,29): error C2027: tan─▒ms─▒z 'astral::Swapchain' t├╝r├╝ kullan─▒ld─▒ [C:\Users\tpoyr\OneDrive\Desktop\inkbytefo_projects\AstralRenderer\build\astral_renderer.vcxproj]
  (compiling source file '../src/renderer/renderer_system.cpp')
      C:\Users\tpoyr\OneDrive\Desktop\inkbytefo_projects\AstralRenderer\include\astral\renderer\renderer_system.hpp(18,7):
      'astral::Swapchain' bildirimine bak─▒n
  
C:\Users\tpoyr\OneDrive\Desktop\inkbytefo_projects\AstralRenderer\src\renderer\renderer_system.cpp(870,9): error C2660: 'astral::RenderGraph::addExternalResource': i┼şlev 4 ba─ş─▒ms─▒z de─şi┼şken alm─▒yor [C:\Users\tpoyr\OneDrive\Desktop\inkbytefo_projects\AstralRenderer\build\astral_renderer.vcxproj]
  (compiling source file '../src/renderer/renderer_system.cpp')
      C:\Users\tpoyr\OneDrive\Desktop\inkbytefo_projects\AstralRenderer\include\astral\renderer\render_graph.hpp(45,10):
      'astral::RenderGraph::addExternalResource' bildirimine bak─▒n
      C:\Users\tpoyr\OneDrive\Desktop\inkbytefo_projects\AstralRenderer\src\renderer\renderer_system.cpp(870,9):
      '(const char [10], uint32_t, uint32_t, VkImageLayout)' ba─ş─▒ms─▒z de─şi┼şken listesi e┼şlenmeye ├ğal─▒┼ş─▒l─▒rken
  
C:\Users\tpoyr\OneDrive\Desktop\inkbytefo_projects\AstralRenderer\src\renderer\renderer_system.cpp(890,46): error C2027: tan─▒ms─▒z 'astral::DescriptorManager' t├╝r├╝ kullan─▒ld─▒ [C:\Users\tpoyr\OneDrive\Desktop\inkbytefo_projects\AstralRenderer\build\astral_renderer.vcxproj]
  (compiling source file '../src/renderer/renderer_system.cpp')
      C:\Users\tpoyr\OneDrive\Desktop\inkbytefo_projects\AstralRenderer\include\astral\core\context.hpp(12,7):
      'astral::DescriptorManager' bildirimine bak─▒n
  
C:\Users\tpoyr\OneDrive\Desktop\inkbytefo_projects\AstralRenderer\src\renderer\renderer_system.cpp(908,44): error C2027: tan─▒ms─▒z 'astral::DescriptorManager' t├╝r├╝ kullan─▒ld─▒ [C:\Users\tpoyr\OneDrive\Desktop\inkbytefo_projects\AstralRenderer\build\astral_renderer.vcxproj]
  (compiling source file '../src/renderer/renderer_system.cpp')
      C:\Users\tpoyr\OneDrive\Desktop\inkbytefo_projects\AstralRenderer\include\astral\core\context.hpp(12,7):
      'astral::DescriptorManager' bildirimine bak─▒n
  
C:\Users\tpoyr\OneDrive\Desktop\inkbytefo_projects\AstralRenderer\src\renderer\renderer_system.cpp(951,46): error C2027: tan─▒ms─▒z 'astral::DescriptorManager' t├╝r├╝ kullan─▒ld─▒ [C:\Users\tpoyr\OneDrive\Desktop\inkbytefo_projects\AstralRenderer\build\astral_renderer.vcxproj]
  (compiling source file '../src/renderer/renderer_system.cpp')
      C:\Users\tpoyr\OneDrive\Desktop\inkbytefo_projects\AstralRenderer\include\astral\core\context.hpp(12,7):
      'astral::DescriptorManager' bildirimine bak─▒n
  
C:\Users\tpoyr\OneDrive\Desktop\inkbytefo_projects\AstralRenderer\src\renderer\renderer_system.cpp(978,46): error C2027: tan─▒ms─▒z 'astral::DescriptorManager' t├╝r├╝ kullan─▒ld─▒ [C:\Users\tpoyr\OneDrive\Desktop\inkbytefo_projects\AstralRenderer\build\astral_renderer.vcxproj]
  (compiling source file '../src/renderer/renderer_system.cpp')
      C:\Users\tpoyr\OneDrive\Desktop\inkbytefo_projects\AstralRenderer\include\astral\core\context.hpp(12,7):
      'astral::DescriptorManager' bildirimine bak─▒n
  
C:\Users\tpoyr\OneDrive\Desktop\inkbytefo_projects\AstralRenderer\src\renderer\renderer_system.cpp(1000,44): error C2027: tan─▒ms─▒z 'astral::DescriptorManager' t├╝r├╝ kullan─▒ld─▒ [C:\Users\tpoyr\OneDrive\Desktop\inkbytefo_projects\AstralRenderer\build\astral_renderer.vcxproj]
  (compiling source file '../src/renderer/renderer_system.cpp')
      C:\Users\tpoyr\OneDrive\Desktop\inkbytefo_projects\AstralRenderer\include\astral\core\context.hpp(12,7):
      'astral::DescriptorManager' bildirimine bak─▒n
  
C:\Users\tpoyr\OneDrive\Desktop\inkbytefo_projects\AstralRenderer\src\renderer\renderer_system.cpp(1026,44): error C2027: tan─▒ms─▒z 'astral::DescriptorManager' t├╝r├╝ kullan─▒ld─▒ [C:\Users\tpoyr\OneDrive\Desktop\inkbytefo_projects\AstralRenderer\build\astral_renderer.vcxproj]
  (compiling source file '../src/renderer/renderer_system.cpp')
      C:\Users\tpoyr\OneDrive\Desktop\inkbytefo_projects\AstralRenderer\include\astral\core\context.hpp(12,7):
      'astral::DescriptorManager' bildirimine bak─▒n
  
C:\Users\tpoyr\OneDrive\Desktop\inkbytefo_projects\AstralRenderer\src\renderer\renderer_system.cpp(1055,44): error C2027: tan─▒ms─▒z 'astral::DescriptorManager' t├╝r├╝ kullan─▒ld─▒ [C:\Users\tpoyr\OneDrive\Desktop\inkbytefo_projects\AstralRenderer\build\astral_renderer.vcxproj]
  (compiling source file '../src/renderer/renderer_system.cpp')
      C:\Users\tpoyr\OneDrive\Desktop\inkbytefo_projects\AstralRenderer\include\astral\core\context.hpp(12,7):
      'astral::DescriptorManager' bildirimine bak─▒n
  
C:\Users\tpoyr\OneDrive\Desktop\inkbytefo_projects\AstralRenderer\src\renderer\renderer_system.cpp(1117,46): error C2027: tan─▒ms─▒z 'astral::DescriptorManager' t├╝r├╝ kullan─▒ld─▒ [C:\Users\tpoyr\OneDrive\Desktop\inkbytefo_projects\AstralRenderer\build\astral_renderer.vcxproj]
  (compiling source file '../src/renderer/renderer_system.cpp')
      C:\Users\tpoyr\OneDrive\Desktop\inkbytefo_projects\AstralRenderer\include\astral\core\context.hpp(12,7):
      'astral::DescriptorManager' bildirimine bak─▒n
  
C:\Users\tpoyr\OneDrive\Desktop\inkbytefo_projects\AstralRenderer\src\renderer\gltf_loader.cpp(94,43): error C2039: 'FromPath': bir 'fastgltf::GltfDataBuffer' ├╝yesi de─şil [C:\Users\tpoyr\OneDrive\Desktop\inkbytefo_projects\AstralRenderer\build\astral_renderer.vcxproj]
  (compiling source file '../src/renderer/gltf_loader.cpp')
      C:\Users\tpoyr\OneDrive\Desktop\inkbytefo_projects\AstralRenderer\build\_deps\fastgltf-src\include\fastgltf\core.hpp(590,11):
      'fastgltf::GltfDataBuffer' bildirimine bak─▒n
  
C:\Users\tpoyr\OneDrive\Desktop\inkbytefo_projects\AstralRenderer\src\renderer\gltf_loader.cpp(94,43): error C3861: 'FromPath': tan─▒mlay─▒c─▒ bulunamad─▒ [C:\Users\tpoyr\OneDrive\Desktop\inkbytefo_projects\AstralRenderer\build\astral_renderer.vcxproj]
  (compiling source file '../src/renderer/gltf_loader.cpp')
  
C:\Users\tpoyr\OneDrive\Desktop\inkbytefo_projects\AstralRenderer\src\renderer\gltf_loader.cpp(101,9): error C3536: 'expectedAsset': ba┼şlat─▒lmadan ├Ânce kullan─▒lamaz [C:\Users\tpoyr\OneDrive\Desktop\inkbytefo_projects\AstralRenderer\build\astral_renderer.vcxproj]
  (compiling source file '../src/renderer/gltf_loader.cpp')
  
C:\Users\tpoyr\OneDrive\Desktop\inkbytefo_projects\AstralRenderer\src\renderer\gltf_loader.cpp(106,17): error C2530: 'asset': ba┼şvurular─▒n ba┼şlat─▒lmas─▒ gerekir [C:\Users\tpoyr\OneDrive\Desktop\inkbytefo_projects\AstralRenderer\build\astral_renderer.vcxproj]
  (compiling source file '../src/renderer/gltf_loader.cpp')
  
C:\Users\tpoyr\OneDrive\Desktop\inkbytefo_projects\AstralRenderer\src\renderer\gltf_loader.cpp(110,16): error C2530: 'gltfSampler': ba┼şvurular─▒n ba┼şlat─▒lmas─▒ gerekir [C:\Users\tpoyr\OneDrive\Desktop\inkbytefo_projects\AstralRenderer\build\astral_renderer.vcxproj]
  (compiling source file '../src/renderer/gltf_loader.cpp')
  
C:\Users\tpoyr\OneDrive\Desktop\inkbytefo_projects\AstralRenderer\src\renderer\gltf_loader.cpp(110,16): error C3531: 'gltfSampler': t├╝r├╝ 'auto' i├ğeren bir simgenin bir ba┼şlat─▒c─▒s─▒ olmal─▒d─▒r [C:\Users\tpoyr\OneDrive\Desktop\inkbytefo_projects\AstralRenderer\build\astral_renderer.vcxproj]
  (compiling source file '../src/renderer/gltf_loader.cpp')
  
C:\Users\tpoyr\OneDrive\Desktop\inkbytefo_projects\AstralRenderer\src\renderer\gltf_loader.cpp(110,28): error C2143: s├Âzdizimi hatas─▒: ';' eksik (':' ├Âncesinde) [C:\Users\tpoyr\OneDrive\Desktop\inkbytefo_projects\AstralRenderer\build\astral_renderer.vcxproj]
  (compiling source file '../src/renderer/gltf_loader.cpp')
  
C:\Users\tpoyr\OneDrive\Desktop\inkbytefo_projects\AstralRenderer\src\renderer\gltf_loader.cpp(110,44): error C2143: s├Âzdizimi hatas─▒: ';' eksik (')' ├Âncesinde) [C:\Users\tpoyr\OneDrive\Desktop\inkbytefo_projects\AstralRenderer\build\astral_renderer.vcxproj]
  (compiling source file '../src/renderer/gltf_loader.cpp')
  
C:\Users\tpoyr\OneDrive\Desktop\inkbytefo_projects\AstralRenderer\src\renderer\gltf_loader.cpp(134,25): error C2530: 'gltfImage': ba┼şvurular─▒n ba┼şlat─▒lmas─▒ gerekir [C:\Users\tpoyr\OneDrive\Desktop\inkbytefo_projects\AstralRenderer\build\astral_renderer.vcxproj]
  (compiling source file '../src/renderer/gltf_loader.cpp')
  
C:\Users\tpoyr\OneDrive\Desktop\inkbytefo_projects\AstralRenderer\src\renderer\gltf_loader.cpp(171,34): error C2530: 'bufferView': ba┼şvurular─▒n ba┼şlat─▒lmas─▒ gerekir [C:\Users\tpoyr\OneDrive\Desktop\inkbytefo_projects\AstralRenderer\build\astral_renderer.vcxproj]
  (compiling source file '../src/renderer/gltf_loader.cpp')
  
C:\Users\tpoyr\OneDrive\Desktop\inkbytefo_projects\AstralRenderer\src\renderer\gltf_loader.cpp(172,46): error C3536: 'bufferView': ba┼şlat─▒lmadan ├Ânce kullan─▒lamaz [C:\Users\tpoyr\OneDrive\Desktop\inkbytefo_projects\AstralRenderer\build\astral_renderer.vcxproj]
  (compiling source file '../src/renderer/gltf_loader.cpp')
  
C:\Users\tpoyr\OneDrive\Desktop\inkbytefo_projects\AstralRenderer\src\renderer\gltf_loader.cpp(172,68): error C7732: ']' ifadeden ├Ânce bir ifade bekleniyordu [C:\Users\tpoyr\OneDrive\Desktop\inkbytefo_projects\AstralRenderer\build\astral_renderer.vcxproj]
  (compiling source file '../src/renderer/gltf_loader.cpp')
  
C:\Users\tpoyr\OneDrive\Desktop\inkbytefo_projects\AstralRenderer\src\renderer\gltf_loader.cpp(172,30): error C2530: 'buffer': ba┼şvurular─▒n ba┼şlat─▒lmas─▒ gerekir [C:\Users\tpoyr\OneDrive\Desktop\inkbytefo_projects\AstralRenderer\build\astral_renderer.vcxproj]
  (compiling source file '../src/renderer/gltf_loader.cpp')
  
C:\Users\tpoyr\OneDrive\Desktop\inkbytefo_projects\AstralRenderer\src\renderer\gltf_loader.cpp(177,43): error C2660: 'stbi_load_from_memory': i┼şlev 5 ba─ş─▒ms─▒z de─şi┼şken alm─▒yor [C:\Users\tpoyr\OneDrive\Desktop\inkbytefo_projects\AstralRenderer\build\astral_renderer.vcxproj]
  (compiling source file '../src/renderer/gltf_loader.cpp')
      C:\Users\tpoyr\OneDrive\Desktop\inkbytefo_projects\AstralRenderer\build\_deps\stb-src\stb_image.h(423,18):
      'stbi_load_from_memory' bildirimine bak─▒n
      C:\Users\tpoyr\OneDrive\Desktop\inkbytefo_projects\AstralRenderer\src\renderer\gltf_loader.cpp(177,43):
      '()' ba─ş─▒ms─▒z de─şi┼şken listesi e┼şlenmeye ├ğal─▒┼ş─▒l─▒rken
  
C:\Users\tpoyr\OneDrive\Desktop\inkbytefo_projects\AstralRenderer\src\renderer\gltf_loader.cpp(197,20): error C3536: 'buffer': ba┼şlat─▒lmadan ├Ânce kullan─▒lamaz [C:\Users\tpoyr\OneDrive\Desktop\inkbytefo_projects\AstralRenderer\build\astral_renderer.vcxproj]
  (compiling source file '../src/renderer/gltf_loader.cpp')
  
C:\Users\tpoyr\OneDrive\Desktop\inkbytefo_projects\AstralRenderer\src\renderer\gltf_loader.cpp(200,12): error C3536: 'gltfImage': ba┼şlat─▒lmadan ├Ânce kullan─▒lamaz [C:\Users\tpoyr\OneDrive\Desktop\inkbytefo_projects\AstralRenderer\build\astral_renderer.vcxproj]
  (compiling source file '../src/renderer/gltf_loader.cpp')
  
C:\Users\tpoyr\OneDrive\Desktop\inkbytefo_projects\AstralRenderer\src\renderer\gltf_loader.cpp(208,23): error C2530: 'gltfTex': ba┼şvurular─▒n ba┼şlat─▒lmas─▒ gerekir [C:\Users\tpoyr\OneDrive\Desktop\inkbytefo_projects\AstralRenderer\build\astral_renderer.vcxproj]
  (compiling source file '../src/renderer/gltf_loader.cpp')
  
C:\Users\tpoyr\OneDrive\Desktop\inkbytefo_projects\AstralRenderer\src\renderer\gltf_loader.cpp(209,14): error C3536: 'gltfTex': ba┼şlat─▒lmadan ├Ânce kullan─▒lamaz [C:\Users\tpoyr\OneDrive\Desktop\inkbytefo_projects\AstralRenderer\build\astral_renderer.vcxproj]
  (compiling source file '../src/renderer/gltf_loader.cpp')
  
C:\Users\tpoyr\OneDrive\Desktop\inkbytefo_projects\AstralRenderer\src\renderer\gltf_loader.cpp(216,52): error C7732: ']' ifadeden ├Ânce bir ifade bekleniyordu [C:\Users\tpoyr\OneDrive\Desktop\inkbytefo_projects\AstralRenderer\build\astral_renderer.vcxproj]
  (compiling source file '../src/renderer/gltf_loader.cpp')
  
C:\Users\tpoyr\OneDrive\Desktop\inkbytefo_projects\AstralRenderer\src\renderer\gltf_loader.cpp(237,16): error C2530: 'gltfMat': ba┼şvurular─▒n ba┼şlat─▒lmas─▒ gerekir [C:\Users\tpoyr\OneDrive\Desktop\inkbytefo_projects\AstralRenderer\build\astral_renderer.vcxproj]
  (compiling source file '../src/renderer/gltf_loader.cpp')
  
C:\Users\tpoyr\OneDrive\Desktop\inkbytefo_projects\AstralRenderer\src\renderer\gltf_loader.cpp(237,16): error C3531: 'gltfMat': t├╝r├╝ 'auto' i├ğeren bir simgenin bir ba┼şlat─▒c─▒s─▒ olmal─▒d─▒r [C:\Users\tpoyr\OneDrive\Desktop\inkbytefo_projects\AstralRenderer\build\astral_renderer.vcxproj]
  (compiling source file '../src/renderer/gltf_loader.cpp')
  
C:\Users\tpoyr\OneDrive\Desktop\inkbytefo_projects\AstralRenderer\src\renderer\gltf_loader.cpp(237,24): error C2143: s├Âzdizimi hatas─▒: ';' eksik (':' ├Âncesinde) [C:\Users\tpoyr\OneDrive\Desktop\inkbytefo_projects\AstralRenderer\build\astral_renderer.vcxproj]
  (compiling source file '../src/renderer/gltf_loader.cpp')
  
C:\Users\tpoyr\OneDrive\Desktop\inkbytefo_projects\AstralRenderer\src\renderer\gltf_loader.cpp(237,41): error C2143: s├Âzdizimi hatas─▒: ';' eksik (')' ├Âncesinde) [C:\Users\tpoyr\OneDrive\Desktop\inkbytefo_projects\AstralRenderer\build\astral_renderer.vcxproj]
  (compiling source file '../src/renderer/gltf_loader.cpp')
  
C:\Users\tpoyr\OneDrive\Desktop\inkbytefo_projects\AstralRenderer\src\renderer\gltf_loader.cpp(239,36): error C2672: 'glm::make_vec4': e┼şle┼şen a┼ş─▒r─▒ y├╝klenmi┼ş i┼şlev bulunamad─▒ [C:\Users\tpoyr\OneDrive\Desktop\inkbytefo_projects\AstralRenderer\build\astral_renderer.vcxproj]
  (compiling source file '../src/renderer/gltf_loader.cpp')
      C:\Users\tpoyr\OneDrive\Desktop\inkbytefo_projects\AstralRenderer\build\_deps\glm-src\glm\gtc\type_ptr.hpp(160,36):
      'glm::vec<4,T,glm::packed_highp> glm::make_vec4(const T *const )' olabilirdi
      C:\Users\tpoyr\OneDrive\Desktop\inkbytefo_projects\AstralRenderer\build\_deps\glm-src\glm\gtc\type_ptr.hpp(145,29):
      veya       'glm::vec<4,T,Q> glm::make_vec4(const glm::vec<4,T,Q> &)'
      C:\Users\tpoyr\OneDrive\Desktop\inkbytefo_projects\AstralRenderer\build\_deps\glm-src\glm\gtc\type_ptr.hpp(140,29):
      veya       'glm::vec<4,T,Q> glm::make_vec4(const glm::vec<3,T,Q> &)'
      C:\Users\tpoyr\OneDrive\Desktop\inkbytefo_projects\AstralRenderer\build\_deps\glm-src\glm\gtc\type_ptr.hpp(135,29):
      veya       'glm::vec<4,T,Q> glm::make_vec4(const glm::vec<2,T,Q> &)'
      C:\Users\tpoyr\OneDrive\Desktop\inkbytefo_projects\AstralRenderer\build\_deps\glm-src\glm\gtc\type_ptr.hpp(130,29):
      veya       'glm::vec<4,T,Q> glm::make_vec4(const glm::vec<1,T,Q> &)'
  
C:\Users\tpoyr\OneDrive\Desktop\inkbytefo_projects\AstralRenderer\src\renderer\gltf_loader.cpp(244,81): error C7732: ']' ifadeden ├Ânce bir ifade bekleniyordu [C:\Users\tpoyr\OneDrive\Desktop\inkbytefo_projects\AstralRenderer\build\astral_renderer.vcxproj]
  (compiling source file '../src/renderer/gltf_loader.cpp')
  
C:\Users\tpoyr\OneDrive\Desktop\inkbytefo_projects\AstralRenderer\src\renderer\gltf_loader.cpp(247,89): error C7732: ']' ifadeden ├Ânce bir ifade bekleniyordu [C:\Users\tpoyr\OneDrive\Desktop\inkbytefo_projects\AstralRenderer\build\astral_renderer.vcxproj]
  (compiling source file '../src/renderer/gltf_loader.cpp')
  
C:\Users\tpoyr\OneDrive\Desktop\inkbytefo_projects\AstralRenderer\src\renderer\gltf_loader.cpp(250,70): error C7732: ']' ifadeden ├Ânce bir ifade bekleniyordu [C:\Users\tpoyr\OneDrive\Desktop\inkbytefo_projects\AstralRenderer\build\astral_renderer.vcxproj]
  (compiling source file '../src/renderer/gltf_loader.cpp')
  
C:\Users\tpoyr\OneDrive\Desktop\inkbytefo_projects\AstralRenderer\src\renderer\gltf_loader.cpp(253,72): error C7732: ']' ifadeden ├Ânce bir ifade bekleniyordu [C:\Users\tpoyr\OneDrive\Desktop\inkbytefo_projects\AstralRenderer\build\astral_renderer.vcxproj]
  (compiling source file '../src/renderer/gltf_loader.cpp')
  
C:\Users\tpoyr\OneDrive\Desktop\inkbytefo_projects\AstralRenderer\src\renderer\gltf_loader.cpp(256,73): error C7732: ']' ifadeden ├Ânce bir ifade bekleniyordu [C:\Users\tpoyr\OneDrive\Desktop\inkbytefo_projects\AstralRenderer\build\astral_renderer.vcxproj]
  (compiling source file '../src/renderer/gltf_loader.cpp')
  
C:\Users\tpoyr\OneDrive\Desktop\inkbytefo_projects\AstralRenderer\src\renderer\gltf_loader.cpp(272,24): error C2530: 'gltfMesh': ba┼şvurular─▒n ba┼şlat─▒lmas─▒ gerekir [C:\Users\tpoyr\OneDrive\Desktop\inkbytefo_projects\AstralRenderer\build\astral_renderer.vcxproj]
  (compiling source file '../src/renderer/gltf_loader.cpp')
  
C:\Users\tpoyr\OneDrive\Desktop\inkbytefo_projects\AstralRenderer\src\renderer\gltf_loader.cpp(274,21): error C3536: 'gltfMesh': ba┼şlat─▒lmadan ├Ânce kullan─▒lamaz [C:\Users\tpoyr\OneDrive\Desktop\inkbytefo_projects\AstralRenderer\build\astral_renderer.vcxproj]
  (compiling source file '../src/renderer/gltf_loader.cpp')
  
C:\Users\tpoyr\OneDrive\Desktop\inkbytefo_projects\AstralRenderer\src\renderer\gltf_loader.cpp(277,33): error C2530: 'gltfPrimitive': ba┼şvurular─▒n ba┼şlat─▒lmas─▒ gerekir [C:\Users\tpoyr\OneDrive\Desktop\inkbytefo_projects\AstralRenderer\build\astral_renderer.vcxproj]
  (compiling source file '../src/renderer/gltf_loader.cpp')
  
C:\Users\tpoyr\OneDrive\Desktop\inkbytefo_projects\AstralRenderer\src\renderer\gltf_loader.cpp(283,17): error C3536: 'gltfPrimitive': ba┼şlat─▒lmadan ├Ânce kullan─▒lamaz [C:\Users\tpoyr\OneDrive\Desktop\inkbytefo_projects\AstralRenderer\build\astral_renderer.vcxproj]
  (compiling source file '../src/renderer/gltf_loader.cpp')
  
C:\Users\tpoyr\OneDrive\Desktop\inkbytefo_projects\AstralRenderer\src\renderer\gltf_loader.cpp(284,87): error C7732: ']' ifadeden ├Ânce bir ifade bekleniyordu [C:\Users\tpoyr\OneDrive\Desktop\inkbytefo_projects\AstralRenderer\build\astral_renderer.vcxproj]
  (compiling source file '../src/renderer/gltf_loader.cpp')
  
C:\Users\tpoyr\OneDrive\Desktop\inkbytefo_projects\AstralRenderer\src\renderer\gltf_loader.cpp(284,32): error C2530: 'accessor': ba┼şvurular─▒n ba┼şlat─▒lmas─▒ gerekir [C:\Users\tpoyr\OneDrive\Desktop\inkbytefo_projects\AstralRenderer\build\astral_renderer.vcxproj]
  (compiling source file '../src/renderer/gltf_loader.cpp')
  
C:\Users\tpoyr\OneDrive\Desktop\inkbytefo_projects\AstralRenderer\src\renderer\gltf_loader.cpp(285,50): error C3536: 'accessor': ba┼şlat─▒lmadan ├Ânce kullan─▒lamaz [C:\Users\tpoyr\OneDrive\Desktop\inkbytefo_projects\AstralRenderer\build\astral_renderer.vcxproj]
  (compiling source file '../src/renderer/gltf_loader.cpp')
  
C:\Users\tpoyr\OneDrive\Desktop\inkbytefo_projects\AstralRenderer\src\renderer\gltf_loader.cpp(295,17): error C3536: 'posAttr': ba┼şlat─▒lmadan ├Ânce kullan─▒lamaz [C:\Users\tpoyr\OneDrive\Desktop\inkbytefo_projects\AstralRenderer\build\astral_renderer.vcxproj]
  (compiling source file '../src/renderer/gltf_loader.cpp')
  
C:\Users\tpoyr\OneDrive\Desktop\inkbytefo_projects\AstralRenderer\src\renderer\gltf_loader.cpp(296,65): error C7732: ']' ifadeden ├Ânce bir ifade bekleniyordu [C:\Users\tpoyr\OneDrive\Desktop\inkbytefo_projects\AstralRenderer\build\astral_renderer.vcxproj]
  (compiling source file '../src/renderer/gltf_loader.cpp')
  
C:\Users\tpoyr\OneDrive\Desktop\inkbytefo_projects\AstralRenderer\src\renderer\gltf_loader.cpp(296,32): error C2530: 'accessor': ba┼şvurular─▒n ba┼şlat─▒lmas─▒ gerekir [C:\Users\tpoyr\OneDrive\Desktop\inkbytefo_projects\AstralRenderer\build\astral_renderer.vcxproj]
  (compiling source file '../src/renderer/gltf_loader.cpp')
  
C:\Users\tpoyr\OneDrive\Desktop\inkbytefo_projects\AstralRenderer\src\renderer\gltf_loader.cpp(297,47): error C3536: 'accessor': ba┼şlat─▒lmadan ├Ânce kullan─▒lamaz [C:\Users\tpoyr\OneDrive\Desktop\inkbytefo_projects\AstralRenderer\build\astral_renderer.vcxproj]
  (compiling source file '../src/renderer/gltf_loader.cpp')
  
C:\Users\tpoyr\OneDrive\Desktop\inkbytefo_projects\AstralRenderer\src\renderer\gltf_loader.cpp(314,17): error C3536: 'normAttr': ba┼şlat─▒lmadan ├Ânce kullan─▒lamaz [C:\Users\tpoyr\OneDrive\Desktop\inkbytefo_projects\AstralRenderer\build\astral_renderer.vcxproj]
  (compiling source file '../src/renderer/gltf_loader.cpp')
  
C:\Users\tpoyr\OneDrive\Desktop\inkbytefo_projects\AstralRenderer\src\renderer\gltf_loader.cpp(315,66): error C7732: ']' ifadeden ├Ânce bir ifade bekleniyordu [C:\Users\tpoyr\OneDrive\Desktop\inkbytefo_projects\AstralRenderer\build\astral_renderer.vcxproj]
  (compiling source file '../src/renderer/gltf_loader.cpp')
  
C:\Users\tpoyr\OneDrive\Desktop\inkbytefo_projects\AstralRenderer\src\renderer\gltf_loader.cpp(315,32): error C2530: 'accessor': ba┼şvurular─▒n ba┼şlat─▒lmas─▒ gerekir [C:\Users\tpoyr\OneDrive\Desktop\inkbytefo_projects\AstralRenderer\build\astral_renderer.vcxproj]
  (compiling source file '../src/renderer/gltf_loader.cpp')
  
C:\Users\tpoyr\OneDrive\Desktop\inkbytefo_projects\AstralRenderer\src\renderer\gltf_loader.cpp(316,70): error C3536: 'accessor': ba┼şlat─▒lmadan ├Ânce kullan─▒lamaz [C:\Users\tpoyr\OneDrive\Desktop\inkbytefo_projects\AstralRenderer\build\astral_renderer.vcxproj]
  (compiling source file '../src/renderer/gltf_loader.cpp')
  
C:\Users\tpoyr\OneDrive\Desktop\inkbytefo_projects\AstralRenderer\src\renderer\gltf_loader.cpp(323,17): error C3536: 'uvAttr': ba┼şlat─▒lmadan ├Ânce kullan─▒lamaz [C:\Users\tpoyr\OneDrive\Desktop\inkbytefo_projects\AstralRenderer\build\astral_renderer.vcxproj]
  (compiling source file '../src/renderer/gltf_loader.cpp')
  
C:\Users\tpoyr\OneDrive\Desktop\inkbytefo_projects\AstralRenderer\src\renderer\gltf_loader.cpp(324,64): error C7732: ']' ifadeden ├Ânce bir ifade bekleniyordu [C:\Users\tpoyr\OneDrive\Desktop\inkbytefo_projects\AstralRenderer\build\astral_renderer.vcxproj]
  (compiling source file '../src/renderer/gltf_loader.cpp')
  
C:\Users\tpoyr\OneDrive\Desktop\inkbytefo_projects\AstralRenderer\src\renderer\gltf_loader.cpp(324,32): error C2530: 'accessor': ba┼şvurular─▒n ba┼şlat─▒lmas─▒ gerekir [C:\Users\tpoyr\OneDrive\Desktop\inkbytefo_projects\AstralRenderer\build\astral_renderer.vcxproj]
  (compiling source file '../src/renderer/gltf_loader.cpp')
  
C:\Users\tpoyr\OneDrive\Desktop\inkbytefo_projects\AstralRenderer\src\renderer\gltf_loader.cpp(325,70): error C3536: 'accessor': ba┼şlat─▒lmadan ├Ânce kullan─▒lamaz [C:\Users\tpoyr\OneDrive\Desktop\inkbytefo_projects\AstralRenderer\build\astral_renderer.vcxproj]
  (compiling source file '../src/renderer/gltf_loader.cpp')
  
C:\Users\tpoyr\OneDrive\Desktop\inkbytefo_projects\AstralRenderer\src\renderer\gltf_loader.cpp(332,17): error C3536: 'tangAttr': ba┼şlat─▒lmadan ├Ânce kullan─▒lamaz [C:\Users\tpoyr\OneDrive\Desktop\inkbytefo_projects\AstralRenderer\build\astral_renderer.vcxproj]
  (compiling source file '../src/renderer/gltf_loader.cpp')
  
C:\Users\tpoyr\OneDrive\Desktop\inkbytefo_projects\AstralRenderer\src\renderer\gltf_loader.cpp(333,66): error C7732: ']' ifadeden ├Ânce bir ifade bekleniyordu [C:\Users\tpoyr\OneDrive\Desktop\inkbytefo_projects\AstralRenderer\build\astral_renderer.vcxproj]
  (compiling source file '../src/renderer/gltf_loader.cpp')
  
C:\Users\tpoyr\OneDrive\Desktop\inkbytefo_projects\AstralRenderer\src\renderer\gltf_loader.cpp(333,32): error C2530: 'accessor': ba┼şvurular─▒n ba┼şlat─▒lmas─▒ gerekir [C:\Users\tpoyr\OneDrive\Desktop\inkbytefo_projects\AstralRenderer\build\astral_renderer.vcxproj]
  (compiling source file '../src/renderer/gltf_loader.cpp')
  
C:\Users\tpoyr\OneDrive\Desktop\inkbytefo_projects\AstralRenderer\src\renderer\gltf_loader.cpp(334,70): error C3536: 'accessor': ba┼şlat─▒lmadan ├Ânce kullan─▒lamaz [C:\Users\tpoyr\OneDrive\Desktop\inkbytefo_projects\AstralRenderer\build\astral_renderer.vcxproj]
  (compiling source file '../src/renderer/gltf_loader.cpp')
  
C:\Users\tpoyr\OneDrive\Desktop\inkbytefo_projects\AstralRenderer\src\renderer\gltf_loader.cpp(340,68): error C7732: ']' ifadeden ├Ânce bir ifade bekleniyordu [C:\Users\tpoyr\OneDrive\Desktop\inkbytefo_projects\AstralRenderer\build\astral_renderer.vcxproj]
  (compiling source file '../src/renderer/gltf_loader.cpp')
  
