.NET Framework i├ğin MSBuild s├╝r├╝m 18.0.5+e22287bf1

  VulkanMemoryAllocator.vcxproj -> C:\Users\tpoyr\OneDrive\Desktop\inkbytefo_projects\AstralRenderer\build\lib\Release\VulkanMemoryAllocator.lib
  zlibstatic.vcxproj -> C:\Users\tpoyr\OneDrive\Desktop\inkbytefo_projects\AstralRenderer\build\lib\Release\zlibstatic.lib
  assimp.vcxproj -> C:\Users\tpoyr\OneDrive\Desktop\inkbytefo_projects\AstralRenderer\build\lib\Release\assimp-vc145-mt.lib
  fastgltf.vcxproj -> C:\Users\tpoyr\OneDrive\Desktop\inkbytefo_projects\AstralRenderer\build\lib\Release\fastgltf.lib
  glfw.vcxproj -> C:\Users\tpoyr\OneDrive\Desktop\inkbytefo_projects\AstralRenderer\build\lib\Release\glfw3.lib
  glm.vcxproj -> C:\Users\tpoyr\OneDrive\Desktop\inkbytefo_projects\AstralRenderer\build\lib\Release\glm.lib
  spdlog.vcxproj -> C:\Users\tpoyr\OneDrive\Desktop\inkbytefo_projects\AstralRenderer\build\lib\Release\spdlog.lib
  renderer_system.cpp
C:\Users\tpoyr\OneDrive\Desktop\inkbytefo_projects\AstralRenderer\src\renderer\renderer_system.cpp(696,14): warning C4189: 'groupCount': yerel de─şi┼şken ba┼şlat─▒ld─▒ ancak ba┼şvurulmad─▒ [C:\Users\tpoyr\OneDrive\Desktop\inkbytefo_projects\AstralRenderer\build\astral_renderer.vcxproj]
  (compiling source file '../src/renderer/renderer_system.cpp')
  
C:\Users\tpoyr\OneDrive\Desktop\inkbytefo_projects\AstralRenderer\src\renderer\renderer_system.cpp(1234,27): error C3493: herhangi bir varsay─▒lan yakalama modu belirtilmedi─şinden 'uiParams' ├Ârt├╝k olarak yakalanam─▒yor [C:\Users\tpoyr\OneDrive\Desktop\inkbytefo_projects\AstralRenderer\build\astral_renderer.vcxproj]
  (compiling source file '../src/renderer/renderer_system.cpp')
  
C:\Users\tpoyr\OneDrive\Desktop\inkbytefo_projects\AstralRenderer\src\renderer\renderer_system.cpp(1234,27): error C2326: 'auto astral::RendererSystem::render::<lambda_13>::operator ()(VkCommandBuffer) const': i┼şlev 'uiParams' ├Â─şesine eri┼şemiyor [C:\Users\tpoyr\OneDrive\Desktop\inkbytefo_projects\AstralRenderer\build\astral_renderer.vcxproj]
  (compiling source file '../src/renderer/renderer_system.cpp')
  
